src/plugins/security.ts(6,18): error TS2305: Module '"../config/config"' has no exported member 'helmetConfig'.
src/routes/auth.ts(47,35): error TS2339: Property 'email' does not exist on type 'MySqlTableWithColumns<{ name: "students"; schema: undefined; columns: { id: MySqlColumn<{ name: "id"; tableName: "students"; dataType: "number"; columnType: "MySqlSerial"; data: number; driverParam: number; notNull: true; hasDefault: true; enumValues: undefined; baseColumn: never; }, object>; ... 11 more ...; update...'.
src/routes/auth.ts(63,67): error TS2339: Property 'password' does not exist on type '{ age: number; id: number; prenom: string; nom: string; niveauActuel: string; totalPoints: number; serieJours: number; preferences: Record<string, unknown> | null; metadata: StudentMetadata | null; dernierAcces: Date | null; estConnecte: boolean; createdAt: Date; updatedAt: Date; }'.
src/routes/auth.ts(78,21): error TS2339: Property 'email' does not exist on type '{ age: number; id: number; prenom: string; nom: string; niveauActuel: string; totalPoints: number; serieJours: number; preferences: Record<string, unknown> | null; metadata: StudentMetadata | null; dernierAcces: Date | null; estConnecte: boolean; createdAt: Date; updatedAt: Date; }'.
src/routes/auth.ts(79,20): error TS2339: Property 'name' does not exist on type '{ age: number; id: number; prenom: string; nom: string; niveauActuel: string; totalPoints: number; serieJours: number; preferences: Record<string, unknown> | null; metadata: StudentMetadata | null; dernierAcces: Date | null; estConnecte: boolean; createdAt: Date; updatedAt: Date; }'.
src/routes/auth.ts(80,21): error TS2339: Property 'level' does not exist on type '{ age: number; id: number; prenom: string; nom: string; niveauActuel: string; totalPoints: number; serieJours: number; preferences: Record<string, unknown> | null; metadata: StudentMetadata | null; dernierAcces: Date | null; estConnecte: boolean; createdAt: Date; updatedAt: Date; }'.
src/routes/auth.ts(89,24): error TS2339: Property 'name' does not exist on type '{ age: number; id: number; prenom: string; nom: string; niveauActuel: string; totalPoints: number; serieJours: number; preferences: Record<string, unknown> | null; metadata: StudentMetadata | null; dernierAcces: Date | null; estConnecte: boolean; createdAt: Date; updatedAt: Date; }'.
src/routes/auth.ts(90,25): error TS2339: Property 'email' does not exist on type '{ age: number; id: number; prenom: string; nom: string; niveauActuel: string; totalPoints: number; serieJours: number; preferences: Record<string, unknown> | null; metadata: StudentMetadata | null; dernierAcces: Date | null; estConnecte: boolean; createdAt: Date; updatedAt: Date; }'.
src/routes/auth.ts(91,25): error TS2339: Property 'level' does not exist on type '{ age: number; id: number; prenom: string; nom: string; niveauActuel: string; totalPoints: number; serieJours: number; preferences: Record<string, unknown> | null; metadata: StudentMetadata | null; dernierAcces: Date | null; estConnecte: boolean; createdAt: Date; updatedAt: Date; }'.
src/routes/auth.ts(140,35): error TS2339: Property 'email' does not exist on type 'MySqlTableWithColumns<{ name: "students"; schema: undefined; columns: { id: MySqlColumn<{ name: "id"; tableName: "students"; dataType: "number"; columnType: "MySqlSerial"; data: number; driverParam: number; notNull: true; hasDefault: true; enumValues: undefined; baseColumn: never; }, object>; ... 11 more ...; update...'.
src/routes/auth.ts(159,9): error TS2769: No overload matches this call.
  Overload 1 of 2, '(value: { age: number | SQL<unknown> | Placeholder<string, any>; prenom: string | SQL<unknown> | Placeholder<string, any>; nom: string | SQL<unknown> | Placeholder<string, any>; ... 9 more ...; updatedAt?: Date | ... 2 more ... | undefined; }): MySqlInsertBase<...>', gave the following error.
    Object literal may only specify known properties, and 'name' does not exist in type '{ age: number | SQL<unknown> | Placeholder<string, any>; prenom: string | SQL<unknown> | Placeholder<string, any>; nom: string | SQL<unknown> | Placeholder<string, any>; ... 9 more ...; updatedAt?: Date | ... 2 more ... | undefined; }'.
  Overload 2 of 2, '(values: { age: number | SQL<unknown> | Placeholder<string, any>; prenom: string | SQL<unknown> | Placeholder<string, any>; nom: string | SQL<unknown> | Placeholder<string, any>; ... 9 more ...; updatedAt?: Date | ... 2 more ... | undefined; }[]): MySqlInsertBase<...>', gave the following error.
    Object literal may only specify known properties, and 'name' does not exist in type '{ age: number | SQL<unknown> | Placeholder<string, any>; prenom: string | SQL<unknown> | Placeholder<string, any>; nom: string | SQL<unknown> | Placeholder<string, any>; ... 9 more ...; updatedAt?: Date | ... 2 more ... | undefined; }[]'.
src/routes/auth.ts(171,53): error TS2339: Property 'insertId' does not exist on type 'MySqlRawQueryResult'.
src/routes/auth.ts(179,24): error TS2339: Property 'email' does not exist on type '{ age: number; id: number; prenom: string; nom: string; niveauActuel: string; totalPoints: number; serieJours: number; preferences: Record<string, unknown> | null; metadata: StudentMetadata | null; dernierAcces: Date | null; estConnecte: boolean; createdAt: Date; updatedAt: Date; }'.
src/routes/auth.ts(180,23): error TS2339: Property 'name' does not exist on type '{ age: number; id: number; prenom: string; nom: string; niveauActuel: string; totalPoints: number; serieJours: number; preferences: Record<string, unknown> | null; metadata: StudentMetadata | null; dernierAcces: Date | null; estConnecte: boolean; createdAt: Date; updatedAt: Date; }'.
src/routes/auth.ts(181,24): error TS2339: Property 'level' does not exist on type '{ age: number; id: number; prenom: string; nom: string; niveauActuel: string; totalPoints: number; serieJours: number; preferences: Record<string, unknown> | null; metadata: StudentMetadata | null; dernierAcces: Date | null; estConnecte: boolean; createdAt: Date; updatedAt: Date; }'.
src/routes/auth.ts(190,27): error TS2339: Property 'name' does not exist on type '{ age: number; id: number; prenom: string; nom: string; niveauActuel: string; totalPoints: number; serieJours: number; preferences: Record<string, unknown> | null; metadata: StudentMetadata | null; dernierAcces: Date | null; estConnecte: boolean; createdAt: Date; updatedAt: Date; }'.
src/routes/auth.ts(191,28): error TS2339: Property 'email' does not exist on type '{ age: number; id: number; prenom: string; nom: string; niveauActuel: string; totalPoints: number; serieJours: number; preferences: Record<string, unknown> | null; metadata: StudentMetadata | null; dernierAcces: Date | null; estConnecte: boolean; createdAt: Date; updatedAt: Date; }'.
src/routes/auth.ts(192,28): error TS2339: Property 'level' does not exist on type '{ age: number; id: number; prenom: string; nom: string; niveauActuel: string; totalPoints: number; serieJours: number; preferences: Record<string, unknown> | null; metadata: StudentMetadata | null; dernierAcces: Date | null; estConnecte: boolean; createdAt: Date; updatedAt: Date; }'.
src/routes/auth.ts(220,11): error TS2769: No overload matches this call.
  Overload 1 of 4, '(path: string, opts: RouteShorthandOptions<RawServerDefault, IncomingMessage, ServerResponse<IncomingMessage>, RouteGenericInterface, unknown, { ...; }, FastifyTypeProviderDefault, FastifyBaseLogger> & { ...; }, handler?: WebsocketHandler<...> | undefined): FastifyInstance<...>', gave the following error.
    Argument of type '{ preHandler: ((request: FastifyRequest, reply: FastifyReply) => Promise<void>)[]; }' is not assignable to parameter of type 'RouteShorthandOptions<RawServerDefault, IncomingMessage, ServerResponse<IncomingMessage>, RouteGenericInterface, unknown, { ...; }, FastifyTypeProviderDefault, FastifyBaseLogger> & { ...; }'.
      Property 'websocket' is missing in type '{ preHandler: ((request: FastifyRequest, reply: FastifyReply) => Promise<void>)[]; }' but required in type '{ websocket: true; }'.
  Overload 2 of 4, '(path: string, opts: RouteShorthandOptions<RawServerDefault, IncomingMessage, ServerResponse<IncomingMessage>, RouteGenericInterface, unknown, FastifySchema, FastifyTypeProviderDefault, FastifyBaseLogger>, handler: RouteHandlerMethod<...>): FastifyInstance<...>', gave the following error.
    Argument of type '(request: AuthenticatedRequest, reply: FastifyReply) => Promise<never>' is not assignable to parameter of type 'RouteHandlerMethod<RawServerDefault, IncomingMessage, ServerResponse<IncomingMessage>, RouteGenericInterface, unknown, FastifySchema, FastifyTypeProviderDefault, FastifyBaseLogger>'.
      Types of parameters 'request' and 'request' are incompatible.
        Type 'FastifyRequest<RouteGenericInterface, RawServerDefault, IncomingMessage, FastifySchema, FastifyTypeProviderDefault, unknown, FastifyBaseLogger, ResolveFastifyRequestType<...>>' is not assignable to type 'AuthenticatedRequest'.
          Property 'user' is optional in type 'FastifyRequest<RouteGenericInterface, RawServerDefault, IncomingMessage, FastifySchema, FastifyTypeProviderDefault, unknown, FastifyBaseLogger, ResolveFastifyRequestType<...>>' but required in type 'AuthenticatedRequest'.
src/routes/auth.ts(232,11): error TS2769: No overload matches this call.
  Overload 1 of 4, '(path: string, opts: RouteShorthandOptions<RawServerDefault, IncomingMessage, ServerResponse<IncomingMessage>, RouteGenericInterface, unknown, { ...; }, FastifyTypeProviderDefault, FastifyBaseLogger> & { ...; }, handler?: WebsocketHandler<...> | undefined): FastifyInstance<...>', gave the following error.
    Argument of type '{ preHandler: ((request: FastifyRequest, reply: FastifyReply) => Promise<void>)[]; }' is not assignable to parameter of type 'RouteShorthandOptions<RawServerDefault, IncomingMessage, ServerResponse<IncomingMessage>, RouteGenericInterface, unknown, { ...; }, FastifyTypeProviderDefault, FastifyBaseLogger> & { ...; }'.
      Property 'websocket' is missing in type '{ preHandler: ((request: FastifyRequest, reply: FastifyReply) => Promise<void>)[]; }' but required in type '{ websocket: true; }'.
  Overload 2 of 4, '(path: string, opts: RouteShorthandOptions<RawServerDefault, IncomingMessage, ServerResponse<IncomingMessage>, RouteGenericInterface, unknown, FastifySchema, FastifyTypeProviderDefault, FastifyBaseLogger>, handler: RouteHandlerMethod<...>): FastifyInstance<...>', gave the following error.
    Argument of type '(request: AuthenticatedRequest, reply: FastifyReply) => Promise<never>' is not assignable to parameter of type 'RouteHandlerMethod<RawServerDefault, IncomingMessage, ServerResponse<IncomingMessage>, RouteGenericInterface, unknown, FastifySchema, FastifyTypeProviderDefault, FastifyBaseLogger>'.
      Types of parameters 'request' and 'request' are incompatible.
        Type 'FastifyRequest<RouteGenericInterface, RawServerDefault, IncomingMessage, FastifySchema, FastifyTypeProviderDefault, unknown, FastifyBaseLogger, ResolveFastifyRequestType<...>>' is not assignable to type 'AuthenticatedRequest'.
          Property 'user' is optional in type 'FastifyRequest<RouteGenericInterface, RawServerDefault, IncomingMessage, FastifySchema, FastifyTypeProviderDefault, unknown, FastifyBaseLogger, ResolveFastifyRequestType<...>>' but required in type 'AuthenticatedRequest'.
src/routes/auth.ts(246,11): error TS2769: No overload matches this call.
  Overload 1 of 4, '(path: string, opts: RouteShorthandOptions<RawServerDefault, IncomingMessage, ServerResponse<IncomingMessage>, RouteGenericInterface, unknown, { ...; }, FastifyTypeProviderDefault, FastifyBaseLogger> & { ...; }, handler?: WebsocketHandler<...> | undefined): FastifyInstance<...>', gave the following error.
    Argument of type '{ preHandler: ((request: FastifyRequest, reply: FastifyReply) => Promise<void>)[]; }' is not assignable to parameter of type 'RouteShorthandOptions<RawServerDefault, IncomingMessage, ServerResponse<IncomingMessage>, RouteGenericInterface, unknown, { ...; }, FastifyTypeProviderDefault, FastifyBaseLogger> & { ...; }'.
      Property 'websocket' is missing in type '{ preHandler: ((request: FastifyRequest, reply: FastifyReply) => Promise<void>)[]; }' but required in type '{ websocket: true; }'.
  Overload 2 of 4, '(path: string, opts: RouteShorthandOptions<RawServerDefault, IncomingMessage, ServerResponse<IncomingMessage>, RouteGenericInterface, unknown, FastifySchema, FastifyTypeProviderDefault, FastifyBaseLogger>, handler: RouteHandlerMethod<...>): FastifyInstance<...>', gave the following error.
    Argument of type '(request: AuthenticatedRequest, reply: FastifyReply) => Promise<never>' is not assignable to parameter of type 'RouteHandlerMethod<RawServerDefault, IncomingMessage, ServerResponse<IncomingMessage>, RouteGenericInterface, unknown, FastifySchema, FastifyTypeProviderDefault, FastifyBaseLogger>'.
      Types of parameters 'request' and 'request' are incompatible.
        Type 'FastifyRequest<RouteGenericInterface, RawServerDefault, IncomingMessage, FastifySchema, FastifyTypeProviderDefault, unknown, FastifyBaseLogger, ResolveFastifyRequestType<...>>' is not assignable to type 'AuthenticatedRequest'.
          Property 'user' is optional in type 'FastifyRequest<RouteGenericInterface, RawServerDefault, IncomingMessage, FastifySchema, FastifyTypeProviderDefault, unknown, FastifyBaseLogger, ResolveFastifyRequestType<...>>' but required in type 'AuthenticatedRequest'.
src/routes/auth.ts(277,11): error TS2769: No overload matches this call.
  Overload 1 of 4, '(path: string, opts: RouteShorthandOptions<RawServerDefault, IncomingMessage, ServerResponse<IncomingMessage>, RouteGenericInterface, unknown, { ...; }, FastifyTypeProviderDefault, FastifyBaseLogger> & { ...; }, handler?: WebsocketHandler<...> | undefined): FastifyInstance<...>', gave the following error.
    Argument of type '{ preHandler: ((request: FastifyRequest, reply: FastifyReply) => Promise<void>)[]; }' is not assignable to parameter of type 'RouteShorthandOptions<RawServerDefault, IncomingMessage, ServerResponse<IncomingMessage>, RouteGenericInterface, unknown, { ...; }, FastifyTypeProviderDefault, FastifyBaseLogger> & { ...; }'.
      Property 'websocket' is missing in type '{ preHandler: ((request: FastifyRequest, reply: FastifyReply) => Promise<void>)[]; }' but required in type '{ websocket: true; }'.
  Overload 2 of 4, '(path: string, opts: RouteShorthandOptions<RawServerDefault, IncomingMessage, ServerResponse<IncomingMessage>, RouteGenericInterface, unknown, FastifySchema, FastifyTypeProviderDefault, FastifyBaseLogger>, handler: RouteHandlerMethod<...>): FastifyInstance<...>', gave the following error.
    Argument of type '(request: AuthenticatedRequest, reply: FastifyReply) => Promise<never>' is not assignable to parameter of type 'RouteHandlerMethod<RawServerDefault, IncomingMessage, ServerResponse<IncomingMessage>, RouteGenericInterface, unknown, FastifySchema, FastifyTypeProviderDefault, FastifyBaseLogger>'.
      Types of parameters 'request' and 'request' are incompatible.
        Type 'FastifyRequest<RouteGenericInterface, RawServerDefault, IncomingMessage, FastifySchema, FastifyTypeProviderDefault, unknown, FastifyBaseLogger, ResolveFastifyRequestType<...>>' is not assignable to type 'AuthenticatedRequest'.
          Property 'user' is optional in type 'FastifyRequest<RouteGenericInterface, RawServerDefault, IncomingMessage, FastifySchema, FastifyTypeProviderDefault, unknown, FastifyBaseLogger, ResolveFastifyRequestType<...>>' but required in type 'AuthenticatedRequest'.
src/routes/auth.ts(284,33): error TS2339: Property 'name' does not exist on type 'MySqlTableWithColumns<{ name: "students"; schema: undefined; columns: { id: MySqlColumn<{ name: "id"; tableName: "students"; dataType: "number"; columnType: "MySqlSerial"; data: number; driverParam: number; notNull: true; hasDefault: true; enumValues: undefined; baseColumn: never; }, object>; ... 11 more ...; update...'.
src/routes/auth.ts(285,34): error TS2339: Property 'email' does not exist on type 'MySqlTableWithColumns<{ name: "students"; schema: undefined; columns: { id: MySqlColumn<{ name: "id"; tableName: "students"; dataType: "number"; columnType: "MySqlSerial"; data: number; driverParam: number; notNull: true; hasDefault: true; enumValues: undefined; baseColumn: never; }, object>; ... 11 more ...; update...'.
src/routes/auth.ts(286,34): error TS2339: Property 'level' does not exist on type 'MySqlTableWithColumns<{ name: "students"; schema: undefined; columns: { id: MySqlColumn<{ name: "id"; tableName: "students"; dataType: "number"; columnType: "MySqlSerial"; data: number; driverParam: number; notNull: true; hasDefault: true; enumValues: undefined; baseColumn: never; }, object>; ... 11 more ...; update...'.
src/routes/exercises.ts(56,47): error TS2551: Property 'difficulty' does not exist on type '{ id: number; metadata: Record<string, unknown> | null; createdAt: Date; updatedAt: Date; niveau: string; matiere: string; ordre: number; estActif: boolean; moduleId: number; titre: string; ... 4 more ...; donneesSupplementaires: Record<...> | null; }'. Did you mean 'difficulte'?
src/routes/exercises.ts(60,47): error TS2339: Property 'type' does not exist on type '{ id: number; metadata: Record<string, unknown> | null; createdAt: Date; updatedAt: Date; niveau: string; matiere: string; ordre: number; estActif: boolean; moduleId: number; titre: string; ... 4 more ...; donneesSupplementaires: Record<...> | null; }'.
src/routes/exercises.ts(153,22): error TS2315: Type 'AuthenticatedRequest' is not generic.
src/routes/exercises.ts(191,22): error TS2315: Type 'AuthenticatedRequest' is not generic.
src/routes/exercises.ts(194,56): error TS2339: Property 'getNextExercise' does not exist on type 'RecommendationService'.
src/routes/exercises.ts(226,11): error TS2769: No overload matches this call.
  Overload 1 of 4, '(path: string, opts: RouteShorthandOptions<RawServerDefault, IncomingMessage, ServerResponse<IncomingMessage>, RouteGenericInterface, unknown, { ...; }, FastifyTypeProviderDefault, FastifyBaseLogger> & { ...; }, handler?: WebsocketHandler<...> | undefined): FastifyInstance<...>', gave the following error.
    Argument of type '{ preHandler: ((request: FastifyRequest, reply: FastifyReply) => Promise<void>)[]; schema: { body: { type: string; required: string[]; properties: { exerciseId: { type: string; }; score: { type: string; minimum: number; maximum: number; }; completed: { ...; }; timeSpent: { ...; }; answers: {}; }; }; }; }' is not assignable to parameter of type 'RouteShorthandOptions<RawServerDefault, IncomingMessage, ServerResponse<IncomingMessage>, RouteGenericInterface, unknown, { ...; }, FastifyTypeProviderDefault, FastifyBaseLogger> & { ...; }'.
      Property 'websocket' is missing in type '{ preHandler: ((request: FastifyRequest, reply: FastifyReply) => Promise<void>)[]; schema: { body: { type: string; required: string[]; properties: { exerciseId: { type: string; }; score: { type: string; minimum: number; maximum: number; }; completed: { ...; }; timeSpent: { ...; }; answers: {}; }; }; }; }' but required in type '{ websocket: true; }'.
  Overload 2 of 4, '(path: string, opts: RouteShorthandOptions<RawServerDefault, IncomingMessage, ServerResponse<IncomingMessage>, RouteGenericInterface, unknown, { ...; }, FastifyTypeProviderDefault, FastifyBaseLogger>, handler: RouteHandlerMethod<...>): FastifyInstance<...>', gave the following error.
    Argument of type '(request: AuthenticatedRequest, reply: FastifyReply) => Promise<never>' is not assignable to parameter of type 'RouteHandlerMethod<RawServerDefault, IncomingMessage, ServerResponse<IncomingMessage>, RouteGenericInterface, unknown, { ...; }, FastifyTypeProviderDefault, FastifyBaseLogger>'.
      Types of parameters 'request' and 'request' are incompatible.
        Type 'FastifyRequest<RouteGenericInterface, RawServerDefault, IncomingMessage, { readonly body: { readonly type: "object"; readonly required: readonly ["exerciseId", "score", "completed"]; readonly properties: { ...; }; }; }, FastifyTypeProviderDefault, unknown, FastifyBaseLogger, ResolveFastifyRequestType<...>>' is not assignable to type 'AuthenticatedRequest'.
          Property 'user' is optional in type 'FastifyRequest<RouteGenericInterface, RawServerDefault, IncomingMessage, { readonly body: { readonly type: "object"; readonly required: readonly ["exerciseId", "score", "completed"]; readonly properties: { ...; }; }; }, FastifyTypeProviderDefault, unknown, FastifyBaseLogger, ResolveFastifyRequestType<...>>' but required in type 'AuthenticatedRequest'.
src/routes/exercises.ts(258,51): error TS2339: Property 'recordExerciseAttempt' does not exist on type 'RecommendationService'.
src/routes/exercises.ts(319,22): error TS2315: Type 'AuthenticatedRequest' is not generic.
src/routes/monitoring.ts(25,31): error TS2339: Property 'metrics' does not exist on type 'FastifyInstance<RawServerDefault, IncomingMessage, ServerResponse<IncomingMessage>, FastifyBaseLogger, FastifyTypeProviderDefault>'.
src/types/fastify-extended.ts(11,5): error TS2687: All declarations of 'user' must have identical modifiers.
src/types/fastify-extended.ts(11,5): error TS2717: Subsequent property declarations must have the same type.  Property 'user' must be of type '{ id: number; email: string; name: string; level: string; }', but here has type '{ id: number; email: string; name: string; level: string; } | undefined'.
src/utils/monitoring.ts(108,23): error TS7030: Not all code paths return a value.
